sequence	five_prime_offset	nucleotide	treated_mods	untreated_mods	beta	theta	c
Barcoded_AATT	0	*	1	1	-	-	0
Barcoded_AATT	1	G	0	0	nan	0	0
Barcoded_AATT	2	G	0	0	nan	0	0
Barcoded_AATT	3	A	0	0	nan	0	0
Barcoded_AATT	4	C	0	0	nan	0	0
Barcoded_AATT	5	A	0	0	nan	0	0
Barcoded_AATT	6	A	0	0	nan	0	0
Barcoded_AATT	7	G	0	0	nan	0	0
Barcoded_AATT	8	C	0	0	nan	0	0
Barcoded_AATT	9	A	0	0	nan	0	0
Barcoded_AATT	10	A	0	0	nan	0	0
Barcoded_AATT	11	T	0	0	nan	0	0
Barcoded_AATT	12	G	0	0	nan	0	0
Barcoded_AATT	13	C	0	0	nan	0	0
Barcoded_AATT	14	T	0	0	nan	0	0
Barcoded_AATT	15	T	0	0	nan	0	0
Barcoded_AATT	16	G	0	0	nan	0	0
Barcoded_AATT	17	C	0	0	nan	0	0
Barcoded_AATT	18	C	0	0	nan	0	0
Barcoded_AATT	19	T	0	0	nan	0	0
Barcoded_AATT	20	T	0	0	nan	0	0
Barcoded_AATT	21	G	0	0	nan	0	0
Barcoded_AATT	22	A	0	0	nan	0	0
Barcoded_AATT	23	T	0	0	nan	0	0
Barcoded_AATT	24	G	0	0	nan	0	0
Barcoded_AATT	25	T	0	0	nan	0	0
Barcoded_AATT	26	T	0	0	nan	0	0
Barcoded_AATT	27	G	0	0	nan	0	0
Barcoded_AATT	28	A	0	0	nan	0	0
Barcoded_AATT	29	A	0	0	nan	0	0
Barcoded_AATT	30	C	0	0	nan	0	0
Barcoded_AATT	31	T	0	0	nan	0	0
Barcoded_AATT	32	T	0	0	nan	0	0
Barcoded_AATT	33	T	0	0	nan	0	0
Barcoded_AATT	34	T	0	0	nan	0	0
Barcoded_AATT	35	G	0	0	nan	0	0
Barcoded_AATT	36	A	0	0	nan	0	0
Barcoded_AATT	37	A	0	0	nan	0	0
Barcoded_AATT	38	T	0	0	nan	0	0
Barcoded_AATT	39	A	0	0	nan	0	0
Barcoded_AATT	40	G	0	0	nan	0	0
Barcoded_AATT	41	T	0	0	nan	0	0
Barcoded_AATT	42	G	0	0	nan	0	0
Barcoded_AATT	43	A	0	0	nan	0	0
Barcoded_AATT	44	T	0	0	nan	0	0
Barcoded_AATT	45	T	0	0	nan	0	0
Barcoded_AATT	46	C	0	0	nan	0	0
Barcoded_AATT	47	A	0	0	nan	0	0
Barcoded_AATT	48	G	0	0	nan	0	0
Barcoded_AATT	49	G	0	0	nan	0	0
Barcoded_AATT	50	A	0	0	nan	0	0
Barcoded_AATT	51	G	0	0	nan	0	0
Barcoded_AATT	52	G	0	0	nan	0	0
Barcoded_AATT	53	T	0	0	nan	0	0
Barcoded_AATT	54	T	0	0	nan	0	0
Barcoded_AATT	55	A	0	0	nan	0	0
Barcoded_AATT	56	A	0	0	nan	0	0
Barcoded_AATT	57	T	0	0	nan	0	0
Barcoded_AATT	58	G	0	0	nan	0	0
Barcoded_AATT	59	A	0	0	nan	0	0
Barcoded_AATT	60	T	0	0	nan	0	0
Barcoded_AATT	61	G	0	0	nan	0	0
Barcoded_AATT	62	G	0	0	nan	0	0
Barcoded_AATT	63	C	0	0	nan	0	0
Barcoded_AATT	64	A	0	0	nan	0	0
Barcoded_AATT	65	C	0	0	nan	0	0
Barcoded_AATT	66	C	0	0	nan	0	0
Barcoded_AATT	67	C	0	0	nan	0	0
Barcoded_AATT	68	G	0	0	nan	0	0
Barcoded_AATT	69	A	0	0	nan	0	0
Barcoded_AATT	70	T	0	0	nan	0	0
Barcoded_AATT	71	C	0	0	nan	0	0
Barcoded_AATT	72	C	0	0	nan	0	0
Barcoded_AATT	73	G	0	0	nan	0	0
Barcoded_AATT	74	C	0	0	nan	0	0
Barcoded_AATT	75	T	0	0	nan	0	0
Barcoded_AATT	76	T	0	0	nan	0	0
Barcoded_AATT	77	C	0	0	nan	0	0
Barcoded_AATT	78	G	0	0	nan	0	0
Barcoded_AATT	79	G	0	0	nan	0	0
Barcoded_AATT	80	C	1	1	nan	0	0
Barcoded_AATT	81	G	1	1	nan	0	0
Barcoded_AATT	82	G	0	0	nan	0	0
Barcoded_AATT	83	A	0	0	nan	0	0
Barcoded_AATT	84	T	0	0	nan	0	0
Barcoded_AATT	85	C	0	0	nan	0	0
Barcoded_AATT	86	C	0	0	nan	0	0
Barcoded_AATT	87	A	0	0	nan	0	0
Barcoded_AATT	88	A	0	0	nan	0	0
Barcoded_AATT	89	T	0	0	nan	0	0
Barcoded_AATT	90	T	1	1	nan	0	0
Barcoded_AATT	91	A	0	0	nan	0	0
Barcoded_AATT	92	A	0	0	nan	0	0
Barcoded_AATT	93	A	0	0	nan	0	0
Barcoded_AATT	94	T	1	1	nan	0	0
Barcoded_AATT	95	C	0	0	nan	0	0
Barcoded_AATT	96	G	0	0	nan	0	0
Barcoded_AATT	97	G	0	0	nan	0	0
Barcoded_AATT	98	G	0	0	nan	0	0
Barcoded_AATT	99	C	0	0	nan	0	0
Barcoded_AATT	100	T	0	0	nan	0	0
Barcoded_AATT	101	T	0	0	nan	0	0
Barcoded_AATT	102	C	0	0	nan	0	0
Barcoded_AATT	103	G	0	0	nan	0	0
Barcoded_AATT	104	G	0	0	nan	0	0
Barcoded_AATT	105	T	0	0	nan	0	0
Barcoded_AATT	106	C	0	0	nan	0	0
Barcoded_AATT	107	C	0	0	nan	0	0
Barcoded_AATT	108	G	0	0	nan	0	0
Barcoded_AATT	109	G	0	0	nan	0	0
Barcoded_AATT	110	T	0	0	nan	0	0
Barcoded_AATT	111	T	0	0	nan	0	0
